2026-04-22 15:47:03,584 | INFO | application.bootstrap | Bootstrapping application
2026-04-22 15:47:03,775 | ERROR | root | Unhandled exception
NoneType: None
2026-04-22 15:47:56,680 | INFO | application.bootstrap | Bootstrapping application
2026-04-22 15:47:56,839 | ERROR | root | Unhandled exception
NoneType: None
2026-04-22 15:49:27,430 | INFO | application.bootstrap | Bootstrapping application
2026-04-22 15:49:27,609 | ERROR | root | Unhandled exception
NoneType: None
2026-04-22 15:51:42,491 | INFO | application.bootstrap | Bootstrapping application
2026-04-22 15:52:31,361 | INFO | application.bootstrap | Bootstrapping application
2026-04-22 15:52:32,358 | INFO | application.bootstrap | Application bootstrapped successfully
2026-04-22 15:52:35,528 | INFO | application.bootstrap | Shutting down application
2026-04-22 15:52:35,541 | ERROR | application.bootstrap | UI shutdown failed
Traceback (most recent call last):
  File "/home/benju/work/CuotaPro/application/bootstrap.py", line 50, in shutdown
    self.root.destroy()
    ~~~~~~~~~~~~~~~~~^^
  File "/home/benju/work/CuotaPro/.venv/lib/python3.14/site-packages/ttkbootstrap/window.py", line 347, in destroy
    super().destroy()
    ~~~~~~~~~~~~~~~^^
  File "/usr/lib/python3.14/tkinter/__init__.py", line 2528, in destroy
    self.tk.call('destroy', self._w)
    ~~~~~~~~~~~~^^^^^^^^^^^^^^^^^^^^
_tkinter.TclError: can't invoke "destroy" command: application has been destroyed
2026-04-22 15:54:16,038 | INFO | application.bootstrap | Bootstrapping application
2026-04-22 15:54:17,026 | INFO | application.bootstrap | Application bootstrapped successfully
2026-04-22 15:54:21,691 | INFO | application.bootstrap | Shutting down application
2026-04-22 15:54:21,698 | ERROR | application.bootstrap | UI shutdown failed
Traceback (most recent call last):
  File "/home/benju/work/CuotaPro/application/bootstrap.py", line 50, in shutdown
    self.root.destroy()
    ~~~~~~~~~~~~~~~~~^^
  File "/home/benju/work/CuotaPro/.venv/lib/python3.14/site-packages/ttkbootstrap/window.py", line 347, in destroy
    super().destroy()
    ~~~~~~~~~~~~~~~^^
  File "/usr/lib/python3.14/tkinter/__init__.py", line 2528, in destroy
    self.tk.call('destroy', self._w)
    ~~~~~~~~~~~~^^^^^^^^^^^^^^^^^^^^
_tkinter.TclError: can't invoke "destroy" command: application has been destroyed
2026-04-22 15:54:48,215 | INFO | application.bootstrap | Bootstrapping application
2026-04-22 15:54:49,207 | INFO | application.bootstrap | Application bootstrapped successfully
2026-04-22 15:55:30,875 | INFO | application.bootstrap | Shutting down application
2026-04-22 15:55:30,887 | ERROR | application.bootstrap | UI shutdown failed
Traceback (most recent call last):
  File "/home/benju/work/CuotaPro/application/bootstrap.py", line 50, in shutdown
    self.root.destroy()
    ~~~~~~~~~~~~~~~~~^^
  File "/home/benju/work/CuotaPro/.venv/lib/python3.14/site-packages/ttkbootstrap/window.py", line 347, in destroy
    super().destroy()
    ~~~~~~~~~~~~~~~^^
  File "/usr/lib/python3.14/tkinter/__init__.py", line 2528, in destroy
    self.tk.call('destroy', self._w)
    ~~~~~~~~~~~~^^^^^^^^^^^^^^^^^^^^
_tkinter.TclError: can't invoke "destroy" command: application has been destroyed
2026-04-22 16:03:40,823 | INFO | application.bootstrap | Bootstrapping application
2026-04-22 16:03:41,719 | INFO | application.bootstrap | Application bootstrapped successfully
2026-04-22 16:03:56,366 | ERROR | root | Unhandled exception
Traceback (most recent call last):
  File "/usr/lib/python3.14/tkinter/__init__.py", line 2093, in __call__
    return self.func(*args)
           ~~~~~~~~~^^^^^^^
  File "/home/benju/work/CuotaPro/ui/views/tabs/add_student.py", line 165, in add_student
    f"Se agrego al estudiante {data['first_name']} {data['last_name']}",
                               ~~~~^^^^^^^^^^^^^^
TypeError: 'CreateStudentDTO' object is not subscriptable
2026-04-22 16:04:29,021 | INFO | application.bootstrap | Shutting down application
2026-04-22 16:04:29,029 | ERROR | application.bootstrap | UI shutdown failed
Traceback (most recent call last):
  File "/home/benju/work/CuotaPro/application/bootstrap.py", line 50, in shutdown
    self.root.destroy()
    ~~~~~~~~~~~~~~~~~^^
  File "/home/benju/work/CuotaPro/.venv/lib/python3.14/site-packages/ttkbootstrap/window.py", line 347, in destroy
    super().destroy()
    ~~~~~~~~~~~~~~~^^
  File "/usr/lib/python3.14/tkinter/__init__.py", line 2528, in destroy
    self.tk.call('destroy', self._w)
    ~~~~~~~~~~~~^^^^^^^^^^^^^^^^^^^^
_tkinter.TclError: can't invoke "destroy" command: application has been destroyed
2026-04-22 16:04:31,808 | INFO | application.bootstrap | Bootstrapping application
2026-04-22 16:04:32,733 | INFO | application.bootstrap | Application bootstrapped successfully
2026-04-22 16:06:02,270 | INFO | application.bootstrap | Shutting down application
2026-04-22 16:06:02,275 | ERROR | application.bootstrap | UI shutdown failed
Traceback (most recent call last):
  File "/home/benju/work/CuotaPro/application/bootstrap.py", line 50, in shutdown
    self.root.destroy()
    ~~~~~~~~~~~~~~~~~^^
  File "/home/benju/work/CuotaPro/.venv/lib/python3.14/site-packages/ttkbootstrap/window.py", line 347, in destroy
    super().destroy()
    ~~~~~~~~~~~~~~~^^
  File "/usr/lib/python3.14/tkinter/__init__.py", line 2528, in destroy
    self.tk.call('destroy', self._w)
    ~~~~~~~~~~~~^^^^^^^^^^^^^^^^^^^^
_tkinter.TclError: can't invoke "destroy" command: application has been destroyed
2026-04-22 16:06:04,642 | INFO | application.bootstrap | Bootstrapping application
2026-04-22 16:06:05,594 | INFO | application.bootstrap | Application bootstrapped successfully
2026-04-22 16:06:42,757 | INFO | application.bootstrap | Shutting down application
2026-04-22 16:06:42,769 | ERROR | application.bootstrap | UI shutdown failed
Traceback (most recent call last):
  File "/home/benju/work/CuotaPro/application/bootstrap.py", line 50, in shutdown
    self.root.destroy()
    ~~~~~~~~~~~~~~~~~^^
  File "/home/benju/work/CuotaPro/.venv/lib/python3.14/site-packages/ttkbootstrap/window.py", line 347, in destroy
    super().destroy()
    ~~~~~~~~~~~~~~~^^
  File "/usr/lib/python3.14/tkinter/__init__.py", line 2528, in destroy
    self.tk.call('destroy', self._w)
    ~~~~~~~~~~~~^^^^^^^^^^^^^^^^^^^^
_tkinter.TclError: can't invoke "destroy" command: application has been destroyed
2026-04-22 16:06:53,644 | INFO | application.bootstrap | Bootstrapping application
2026-04-22 16:06:54,743 | INFO | application.bootstrap | Application bootstrapped successfully
2026-04-22 16:11:36,401 | INFO | application.bootstrap | Bootstrapping application
2026-04-22 16:11:37,369 | INFO | application.bootstrap | Application bootstrapped successfully
2026-04-22 16:11:53,060 | INFO | application.bootstrap | Shutting down application
2026-04-22 16:11:53,066 | ERROR | application.bootstrap | UI shutdown failed
Traceback (most recent call last):
  File "/home/benju/work/CuotaPro/application/bootstrap.py", line 50, in shutdown
    self.root.destroy()
    ~~~~~~~~~~~~~~~~~^^
  File "/home/benju/work/CuotaPro/.venv/lib/python3.14/site-packages/ttkbootstrap/window.py", line 347, in destroy
    super().destroy()
    ~~~~~~~~~~~~~~~^^
  File "/usr/lib/python3.14/tkinter/__init__.py", line 2528, in destroy
    self.tk.call('destroy', self._w)
    ~~~~~~~~~~~~^^^^^^^^^^^^^^^^^^^^
_tkinter.TclError: can't invoke "destroy" command: application has been destroyed
2026-04-22 16:12:00,610 | INFO | application.bootstrap | Bootstrapping application
2026-04-22 16:12:01,715 | INFO | application.bootstrap | Application bootstrapped successfully
2026-04-22 16:15:26,146 | INFO | application.bootstrap | Bootstrapping application
2026-04-22 16:15:27,119 | INFO | application.bootstrap | Application bootstrapped successfully
2026-04-22 16:15:37,356 | INFO | application.application_service | Student created | id=2 last_name=Gonzales first_name=Tomas fee=MonthlyFee(value=50000)
2026-04-22 16:15:37,356 | ERROR | root | Unexpected error in form action
Traceback (most recent call last):
  File "/home/benju/work/CuotaPro/ui/views/base_tabs/student_form.py", line 263, in run_action
    result = action_fn()
  File "/home/benju/work/CuotaPro/ui/views/tabs/add_student.py", line 164, in <lambda>
    lambda: self.s.student.add(data),
            ~~~~~~~~~~~~~~~~~~^^^^^^
  File "/home/benju/work/CuotaPro/application/application_service.py", line 62, in add
    self.event.notify(RefreshType.STUDENTS)
    ^^^^^^^^^^
AttributeError: 'StudentService' object has no attribute 'event'
2026-04-22 16:16:32,058 | INFO | application.bootstrap | Shutting down application
2026-04-22 16:16:32,065 | ERROR | application.bootstrap | UI shutdown failed
Traceback (most recent call last):
  File "/home/benju/work/CuotaPro/application/bootstrap.py", line 50, in shutdown
    self.root.destroy()
    ~~~~~~~~~~~~~~~~~^^
  File "/home/benju/work/CuotaPro/.venv/lib/python3.14/site-packages/ttkbootstrap/window.py", line 347, in destroy
    super().destroy()
    ~~~~~~~~~~~~~~~^^
  File "/usr/lib/python3.14/tkinter/__init__.py", line 2528, in destroy
    self.tk.call('destroy', self._w)
    ~~~~~~~~~~~~^^^^^^^^^^^^^^^^^^^^
_tkinter.TclError: can't invoke "destroy" command: application has been destroyed
2026-04-22 16:21:12,024 | INFO | application.bootstrap | Bootstrapping application
2026-04-22 16:21:12,917 | INFO | application.bootstrap | Application bootstrapped successfully
2026-04-22 16:21:45,515 | INFO | application.bootstrap | Shutting down application
2026-04-22 16:21:45,526 | ERROR | application.bootstrap | UI shutdown failed
Traceback (most recent call last):
  File "/home/benju/work/CuotaPro/application/bootstrap.py", line 50, in shutdown
    self.root.destroy()
    ~~~~~~~~~~~~~~~~~^^
  File "/home/benju/work/CuotaPro/.venv/lib/python3.14/site-packages/ttkbootstrap/window.py", line 347, in destroy
    super().destroy()
    ~~~~~~~~~~~~~~~^^
  File "/usr/lib/python3.14/tkinter/__init__.py", line 2528, in destroy
    self.tk.call('destroy', self._w)
    ~~~~~~~~~~~~^^^^^^^^^^^^^^^^^^^^
_tkinter.TclError: can't invoke "destroy" command: application has been destroyed
2026-04-22 16:22:34,509 | INFO | application.bootstrap | Bootstrapping application
2026-04-22 16:22:35,452 | INFO | application.bootstrap | Application bootstrapped successfully
2026-04-22 16:22:39,054 | ERROR | root | Unhandled exception
Traceback (most recent call last):
  File "/usr/lib/python3.14/tkinter/__init__.py", line 2093, in __call__
    return self.func(*args)
           ~~~~~~~~~^^^^^^^
  File "/home/benju/work/CuotaPro/ui/views/tabs/admin/fee_application_panel.py", line 73, in apply_monthly_fees
    count = self.s.cqrs.preview_fee_application(now.month, now.year)
            ^^^^^^^^^^^^^^^^^^^^^^^^^^^^^^^^^^^
AttributeError: 'CQRSService' object has no attribute 'preview_fee_application'
2026-04-22 16:24:00,667 | INFO | application.bootstrap | Shutting down application
2026-04-22 16:24:00,674 | ERROR | application.bootstrap | UI shutdown failed
Traceback (most recent call last):
  File "/home/benju/work/CuotaPro/application/bootstrap.py", line 50, in shutdown
    self.root.destroy()
    ~~~~~~~~~~~~~~~~~^^
  File "/home/benju/work/CuotaPro/.venv/lib/python3.14/site-packages/ttkbootstrap/window.py", line 347, in destroy
    super().destroy()
    ~~~~~~~~~~~~~~~^^
  File "/usr/lib/python3.14/tkinter/__init__.py", line 2528, in destroy
    self.tk.call('destroy', self._w)
    ~~~~~~~~~~~~^^^^^^^^^^^^^^^^^^^^
_tkinter.TclError: can't invoke "destroy" command: application has been destroyed
2026-04-22 16:24:34,371 | INFO | application.bootstrap | Bootstrapping application
2026-04-22 16:24:35,305 | INFO | application.bootstrap | Application bootstrapped successfully
2026-04-22 16:24:41,015 | INFO | application.application_service | Monthly fees applied | month=4 year=2026 students=1
2026-04-22 16:24:41,034 | ERROR | root | Failed to apply monthly fees
Traceback (most recent call last):
  File "/home/benju/work/CuotaPro/application/events.py", line 28, in notify
    callback(**data)
    ~~~~~~~~^^^^^^^^
  File "/home/benju/work/CuotaPro/ui/views/tabs/analytics.py", line 34, in refresh
    months, teachers, debt = self.s.cqrs.get_graphic_metrics()
                             ~~~~~~~~~~~~~~~~~~~~~~~~~~~~~~~^^
  File "/home/benju/work/CuotaPro/application/cqrs.py", line 220, in get_graphic_metrics
    debt_buckets = self.get_debt_distribution(students, balances)
  File "/home/benju/work/CuotaPro/application/cqrs.py", line 256, in get_debt_distribution
    months = abs(balance) // s.monthly_fee
             ~~~~~~~~~~~~~^^~~~~~~~~~~~~~~
TypeError: unsupported operand type(s) for //: 'int' and 'MonthlyFee'

During handling of the above exception, another exception occurred:

Traceback (most recent call last):
  File "/home/benju/work/CuotaPro/ui/views/tabs/admin/fee_application_panel.py", line 95, in apply_monthly_fees
    affected_count = self.s.accounting.add_fee(now.month, now.year)
  File "/home/benju/work/CuotaPro/application/application_service.py", line 184, in add_fee
    self.event.notify(RefreshType.MOVEMENTS)
    ~~~~~~~~~~~~~~~~~^^^^^^^^^^^^^^^^^^^^^^^
  File "/home/benju/work/CuotaPro/application/events.py", line 30, in notify
    logger.exception(f"Subscriber error: {e}")
    ^^^^^^
NameError: name 'logger' is not defined
2026-04-22 16:25:28,070 | ERROR | root | Unhandled exception
Traceback (most recent call last):
  File "/usr/lib/python3.14/tkinter/__init__.py", line 2093, in __call__
    return self.func(*args)
           ~~~~~~~~~^^^^^^^
  File "/home/benju/work/CuotaPro/ui/views/tabs/search_students.py", line 219, in on_double_click
    self._students_cache[student_id],
    ^^^^^^^^^^^^^^^^^^^^
AttributeError: 'SearchStudentTab' object has no attribute '_students_cache'
2026-04-22 16:25:45,102 | ERROR | root | Unhandled exception
Traceback (most recent call last):
  File "/usr/lib/python3.14/tkinter/__init__.py", line 2093, in __call__
    return self.func(*args)
           ~~~~~~~~~^^^^^^^
  File "/home/benju/work/CuotaPro/ui/views/tabs/search_students.py", line 219, in on_double_click
    self._students_cache[student_id],
    ^^^^^^^^^^^^^^^^^^^^
AttributeError: 'SearchStudentTab' object has no attribute '_students_cache'
2026-04-22 16:25:55,467 | ERROR | root | Unexpected payment error
Traceback (most recent call last):
  File "/home/benju/work/CuotaPro/ui/views/tabs/add_payment.py", line 327, in _register_payment
    self.s.accounting.add_payment(payment)
    ~~~~~~~~~~~~~~~~~~~~~~~~~~~~~^^^^^^^^^
  File "/home/benju/work/CuotaPro/application/application_service.py", line 142, in add_payment
    movement = self.movements.add(movement=movement)
  File "/home/benju/work/CuotaPro/domain/accounting/repository.py", line 69, in add
    with self.db.transaction() as conn:
         ~~~~~~~~~~~~~~~~~~~^^
  File "/usr/lib/python3.14/contextlib.py", line 148, in __exit__
    next(self.gen)
    ~~~~^^^^^^^^^^
  File "/home/benju/work/CuotaPro/infrastructure/databse/connection.py", line 34, in transaction
    conn.commit()
    ~~~~~~~~~~~^^
sqlite3.OperationalError: cannot commit transaction - SQL statements in progress
2026-04-22 16:26:18,865 | INFO | application.bootstrap | Shutting down application
2026-04-22 16:26:18,871 | ERROR | application.bootstrap | UI shutdown failed
Traceback (most recent call last):
  File "/home/benju/work/CuotaPro/application/bootstrap.py", line 50, in shutdown
    self.root.destroy()
    ~~~~~~~~~~~~~~~~~^^
  File "/home/benju/work/CuotaPro/.venv/lib/python3.14/site-packages/ttkbootstrap/window.py", line 347, in destroy
    super().destroy()
    ~~~~~~~~~~~~~~~^^
  File "/usr/lib/python3.14/tkinter/__init__.py", line 2528, in destroy
    self.tk.call('destroy', self._w)
    ~~~~~~~~~~~~^^^^^^^^^^^^^^^^^^^^
_tkinter.TclError: can't invoke "destroy" command: application has been destroyed
2026-04-22 16:26:21,475 | INFO | application.bootstrap | Bootstrapping application
2026-04-22 16:26:21,871 | ERROR | root | Unhandled exception
NoneType: None
2026-04-22 16:26:31,844 | INFO | application.bootstrap | Bootstrapping application
2026-04-22 16:26:32,232 | ERROR | root | Unhandled exception
NoneType: None
2026-04-22 16:26:42,116 | INFO | application.bootstrap | Bootstrapping application
2026-04-22 16:26:42,503 | ERROR | root | Unhandled exception
NoneType: None
2026-04-22 16:27:25,595 | INFO | application.bootstrap | Bootstrapping application
2026-04-22 16:27:39,402 | ERROR | root | Unhandled exception
NoneType: None
2026-04-22 16:28:29,728 | INFO | application.bootstrap | Bootstrapping application
2026-04-22 16:28:30,110 | ERROR | root | Unhandled exception
NoneType: None
2026-04-22 16:28:40,981 | INFO | application.bootstrap | Bootstrapping application
2026-04-22 16:28:58,466 | ERROR | root | Unhandled exception
NoneType: None
2026-04-22 16:30:01,900 | INFO | application.bootstrap | Bootstrapping application
2026-04-22 16:30:02,265 | ERROR | root | Unhandled exception
NoneType: None
2026-04-22 16:30:27,241 | INFO | application.bootstrap | Bootstrapping application
2026-04-22 16:31:51,451 | INFO | application.bootstrap | Bootstrapping application
2026-04-22 16:31:51,653 | ERROR | root | Unhandled exception
NoneType: None
2026-04-22 16:36:53,604 | INFO | application.bootstrap | Bootstrapping application
2026-04-22 16:36:53,991 | ERROR | root | Unhandled exception
NoneType: None
2026-04-22 16:37:57,408 | INFO | application.bootstrap | Bootstrapping application
2026-04-22 16:37:57,783 | ERROR | root | Unhandled exception
NoneType: None
2026-04-22 16:42:18,346 | INFO | application.bootstrap | Bootstrapping application
2026-04-22 16:42:18,719 | ERROR | root | Unhandled exception
NoneType: None
2026-04-22 16:50:53,495 | INFO | application.bootstrap | Bootstrapping application
2026-04-22 16:50:53,676 | ERROR | root | Unhandled exception
NoneType: None
2026-04-22 16:53:13,470 | INFO | application.bootstrap | Bootstrapping application
2026-04-22 16:53:13,725 | ERROR | root | Unhandled exception
NoneType: None
2026-04-22 16:53:37,354 | INFO | application.bootstrap | Bootstrapping application
2026-04-22 16:54:17,156 | INFO | application.bootstrap | Bootstrapping application
2026-04-22 16:54:18,075 | INFO | application.bootstrap | Application bootstrapped successfully
2026-04-22 16:54:43,238 | INFO | application.bootstrap | Shutting down application
2026-04-22 16:54:43,250 | ERROR | application.bootstrap | UI shutdown failed
Traceback (most recent call last):
  File "/home/benju/work/CuotaPro/application/bootstrap.py", line 50, in shutdown
    self.root.destroy()
    ~~~~~~~~~~~~~~~~~^^
  File "/home/benju/work/CuotaPro/.venv/lib/python3.14/site-packages/ttkbootstrap/window.py", line 347, in destroy
    super().destroy()
    ~~~~~~~~~~~~~~~^^
  File "/usr/lib/python3.14/tkinter/__init__.py", line 2528, in destroy
    self.tk.call('destroy', self._w)
    ~~~~~~~~~~~~^^^^^^^^^^^^^^^^^^^^
_tkinter.TclError: can't invoke "destroy" command: application has been destroyed
2026-04-22 16:55:07,871 | INFO | application.bootstrap | Bootstrapping application
2026-04-22 16:55:08,603 | INFO | application.bootstrap | Application bootstrapped successfully
2026-04-22 16:55:18,614 | INFO | application.application_service | Student created | id=1 last_name=Moyano first_name=Benjamin fee=MonthlyFee(value=50000)
2026-04-22 16:55:55,164 | ERROR | root | Unhandled exception
Traceback (most recent call last):
  File "/home/benju/work/CuotaPro/ui/views/base_tabs/student_form.py", line 217, in get_form_data
    return self.model_class(**data)  # FIXME
           ~~~~~~~~~~~~~~~~^^^^^^^^
  File "/home/benju/work/CuotaPro/.venv/lib/python3.14/site-packages/pydantic/main.py", line 250, in __init__
    validated_self = self.__pydantic_validator__.validate_python(data, self_instance=self)
pydantic_core._pydantic_core.ValidationError: 1 validation error for StudentDTO
active
  Field required [type=missing, input_value={'id': 1, 'last_name': 'M...', 'monthly_fee': 50000}, input_type=dict]
    For further information visit https://errors.pydantic.dev/2.12/v/missing

During handling of the above exception, another exception occurred:

Traceback (most recent call last):
  File "/usr/lib/python3.14/tkinter/__init__.py", line 2093, in __call__
    return self.func(*args)
           ~~~~~~~~~^^^^^^^
  File "/home/benju/work/CuotaPro/ui/views/tabs/update_student.py", line 286, in update_student
    data = self.get_form_data()
  File "/home/benju/work/CuotaPro/ui/views/base_tabs/student_form.py", line 219, in get_form_data
    raise AppValidationError(str(e))
domain.shared.exceptions.AppValidationError: 1 validation error for StudentDTO
active
  Field required [type=missing, input_value={'id': 1, 'last_name': 'M...', 'monthly_fee': 50000}, input_type=dict]
    For further information visit https://errors.pydantic.dev/2.12/v/missing
2026-04-22 16:57:51,881 | INFO | application.bootstrap | Shutting down application
2026-04-22 16:57:51,888 | ERROR | application.bootstrap | UI shutdown failed
Traceback (most recent call last):
  File "/home/benju/work/CuotaPro/application/bootstrap.py", line 50, in shutdown
    self.root.destroy()
    ~~~~~~~~~~~~~~~~~^^
  File "/home/benju/work/CuotaPro/.venv/lib/python3.14/site-packages/ttkbootstrap/window.py", line 347, in destroy
    super().destroy()
    ~~~~~~~~~~~~~~~^^
  File "/usr/lib/python3.14/tkinter/__init__.py", line 2528, in destroy
    self.tk.call('destroy', self._w)
    ~~~~~~~~~~~~^^^^^^^^^^^^^^^^^^^^
_tkinter.TclError: can't invoke "destroy" command: application has been destroyed
2026-04-22 16:59:11,912 | INFO | application.bootstrap | Bootstrapping application
2026-04-22 16:59:12,640 | INFO | application.bootstrap | Application bootstrapped successfully
2026-04-22 16:59:19,338 | INFO | application.application_service | Monthly fees applied | month=4 year=2026 students=1
2026-04-22 16:59:28,547 | INFO | application.application_service | Payment added | student_id=1 month=4 year=2026 amount=Money(amount=50) new_balance=-49950
2026-04-22 17:00:40,315 | INFO | application.application_service | Payment added | student_id=1 month=4 year=2026 amount=Money(amount=24950) new_balance=-25000
2026-04-22 17:00:56,146 | INFO | application.application_service | Student with id=1 switched state.
2026-04-22 17:00:59,068 | INFO | application.application_service | Student with id=1 switched state.
2026-04-22 17:01:20,195 | INFO | application.application_service | Student created | id=2 last_name=Gonzales first_name=Tomas fee=MonthlyFee(value=50000)
2026-04-22 17:01:39,958 | INFO | application.bootstrap | Shutting down application
2026-04-22 17:01:39,970 | ERROR | application.bootstrap | UI shutdown failed
Traceback (most recent call last):
  File "/home/benju/work/CuotaPro/application/bootstrap.py", line 50, in shutdown
    self.root.destroy()
    ~~~~~~~~~~~~~~~~~^^
  File "/home/benju/work/CuotaPro/.venv/lib/python3.14/site-packages/ttkbootstrap/window.py", line 347, in destroy
    super().destroy()
    ~~~~~~~~~~~~~~~^^
  File "/usr/lib/python3.14/tkinter/__init__.py", line 2528, in destroy
    self.tk.call('destroy', self._w)
    ~~~~~~~~~~~~^^^^^^^^^^^^^^^^^^^^
_tkinter.TclError: can't invoke "destroy" command: application has been destroyed
2026-04-22 17:01:42,589 | INFO | application.bootstrap | Bootstrapping application
2026-04-22 17:01:43,263 | INFO | application.bootstrap | Application bootstrapped successfully
2026-04-22 17:22:00,584 | INFO | application.bootstrap | Shutting down application
2026-04-22 17:22:00,591 | ERROR | application.bootstrap | UI shutdown failed
Traceback (most recent call last):
  File "/home/benju/work/CuotaPro/application/bootstrap.py", line 50, in shutdown
    self.root.destroy()
    ~~~~~~~~~~~~~~~~~^^
  File "/home/benju/work/CuotaPro/.venv/lib/python3.14/site-packages/ttkbootstrap/window.py", line 347, in destroy
    super().destroy()
    ~~~~~~~~~~~~~~~^^
  File "/usr/lib/python3.14/tkinter/__init__.py", line 2528, in destroy
    self.tk.call('destroy', self._w)
    ~~~~~~~~~~~~^^^^^^^^^^^^^^^^^^^^
_tkinter.TclError: can't invoke "destroy" command: application has been destroyed
2026-04-22 17:29:54,939 | INFO | application.bootstrap | Bootstrapping application
2026-04-22 17:29:55,345 | ERROR | root | Unhandled exception
NoneType: None
2026-04-22 17:30:13,308 | INFO | application.bootstrap | Bootstrapping application
2026-04-22 18:11:12,648 | INFO | application.bootstrap | Bootstrapping application
2026-04-22 18:11:13,017 | INFO | matplotlib.category | Using categorical units to plot a list of strings that are all parsable as floats or dates. If these strings should be plotted as numbers, cast to the appropriate data type before plotting.
2026-04-22 18:11:13,019 | INFO | matplotlib.category | Using categorical units to plot a list of strings that are all parsable as floats or dates. If these strings should be plotted as numbers, cast to the appropriate data type before plotting.
2026-04-22 18:11:13,243 | INFO | application.bootstrap | Application bootstrapped successfully
2026-04-22 18:12:26,751 | INFO | application.bootstrap | Bootstrapping application
2026-04-22 18:12:27,126 | INFO | matplotlib.category | Using categorical units to plot a list of strings that are all parsable as floats or dates. If these strings should be plotted as numbers, cast to the appropriate data type before plotting.
2026-04-22 18:12:27,127 | INFO | matplotlib.category | Using categorical units to plot a list of strings that are all parsable as floats or dates. If these strings should be plotted as numbers, cast to the appropriate data type before plotting.
2026-04-22 18:12:27,362 | INFO | application.bootstrap | Application bootstrapped successfully
2026-04-22 18:13:12,164 | INFO | application.bootstrap | Bootstrapping application
2026-04-22 18:13:12,535 | INFO | matplotlib.category | Using categorical units to plot a list of strings that are all parsable as floats or dates. If these strings should be plotted as numbers, cast to the appropriate data type before plotting.
2026-04-22 18:13:12,536 | INFO | matplotlib.category | Using categorical units to plot a list of strings that are all parsable as floats or dates. If these strings should be plotted as numbers, cast to the appropriate data type before plotting.
2026-04-22 18:13:12,765 | INFO | application.bootstrap | Application bootstrapped successfully
2026-04-22 18:32:20,242 | INFO | application.bootstrap | Bootstrapping application
2026-04-22 18:32:20,574 | INFO | matplotlib.category | Using categorical units to plot a list of strings that are all parsable as floats or dates. If these strings should be plotted as numbers, cast to the appropriate data type before plotting.
2026-04-22 18:32:20,575 | INFO | matplotlib.category | Using categorical units to plot a list of strings that are all parsable as floats or dates. If these strings should be plotted as numbers, cast to the appropriate data type before plotting.
2026-04-22 18:32:20,725 | INFO | application.bootstrap | Application bootstrapped successfully
2026-04-22 18:33:11,620 | ERROR | root | Unhandled exception
Traceback (most recent call last):
  File "/home/benju/work/CuotaPro/ui/views/base_tabs/student_form.py", line 217, in get_form_data
    return self.model_class(**data)
           ~~~~~~~~~~~~~~~~^^^^^^^^
  File "/home/benju/work/CuotaPro/.venv/lib/python3.14/site-packages/pydantic/main.py", line 250, in __init__
    validated_self = self.__pydantic_validator__.validate_python(data, self_instance=self)
pydantic_core._pydantic_core.ValidationError: 1 validation error for StudentDTO
active
  Field required [type=missing, input_value={'id': 1, 'last_name': 'M...', 'monthly_fee': 50000}, input_type=dict]
    For further information visit https://errors.pydantic.dev/2.12/v/missing

During handling of the above exception, another exception occurred:

Traceback (most recent call last):
  File "/usr/lib/python3.14/tkinter/__init__.py", line 2093, in __call__
    return self.func(*args)
           ~~~~~~~~~^^^^^^^
  File "/home/benju/work/CuotaPro/ui/views/tabs/update_student.py", line 286, in update_student
    data = self.get_form_data()
  File "/home/benju/work/CuotaPro/ui/views/base_tabs/student_form.py", line 219, in get_form_data
    raise AppValidationError(str(e))
domain.shared.exceptions.AppValidationError: 1 validation error for StudentDTO
active
  Field required [type=missing, input_value={'id': 1, 'last_name': 'M...', 'monthly_fee': 50000}, input_type=dict]
    For further information visit https://errors.pydantic.dev/2.12/v/missing
2026-04-22 18:41:37,122 | INFO | application.bootstrap | Bootstrapping application
2026-04-22 18:41:37,415 | INFO | matplotlib.category | Using categorical units to plot a list of strings that are all parsable as floats or dates. If these strings should be plotted as numbers, cast to the appropriate data type before plotting.
2026-04-22 18:41:37,416 | INFO | matplotlib.category | Using categorical units to plot a list of strings that are all parsable as floats or dates. If these strings should be plotted as numbers, cast to the appropriate data type before plotting.
2026-04-22 18:41:37,570 | INFO | application.bootstrap | Application bootstrapped successfully
2026-04-22 18:47:09,886 | INFO | application.bootstrap | Bootstrapping application
2026-04-22 18:47:10,401 | INFO | application.bootstrap | Application bootstrapped successfully
2026-04-22 18:56:01,395 | INFO | application.bootstrap | Bootstrapping application
2026-04-22 18:56:01,856 | INFO | application.bootstrap | Application bootstrapped successfully
2026-04-22 18:58:14,024 | INFO | application.bootstrap | Bootstrapping application
2026-04-22 18:58:14,514 | INFO | application.bootstrap | Application bootstrapped successfully
2026-04-22 19:10:07,841 | INFO | application.bootstrap | Bootstrapping application
2026-04-22 19:10:08,368 | INFO | application.bootstrap | Application bootstrapped successfully
2026-04-22 19:28:24,509 | INFO | application.bootstrap | Bootstrapping application
2026-04-22 19:28:24,896 | INFO | application.bootstrap | Application bootstrapped successfully
2026-04-22 19:28:33,114 | INFO | application.application_service | Monthly fees applied | month=4 year=2026 students=1
2026-04-22 19:28:42,917 | INFO | application.application_service | Payment added | student_id=2 month=4 year=2026 amount=Money(amount=10000) new_balance=-40000
2026-04-22 19:29:06,512 | INFO | application.application_service | Student with id=2 switched state.
2026-04-22 19:30:14,241 | INFO | application.application_service | Student with id=2 switched state.
2026-04-22 19:36:49,698 | INFO | application.bootstrap | Bootstrapping application
2026-04-22 19:36:50,080 | INFO | application.bootstrap | Application bootstrapped successfully
